2026-09-20T12:01:21.515279+09:00 Created Reel media container
2026-09-20T12:01:45.931260+09:00 Reel publication requested
2026-09-20T12:01:53.532921+09:00 Instagram returned Reel media ID
2026-09-20T12:01:54.862409+09:00 Reel reel published
2026-09-20T18:01:14.249659+09:00 Created Reel media container
2026-09-20T18:01:46.533100+09:00 Reel publication requested
2026-09-20T18:01:56.323126+09:00 Instagram returned Reel media ID
2026-09-20T18:01:57.561192+09:00 Reel reel published
2026-09-21T12:00:48.068621+09:00 Created Reel media container
2026-09-21T12:01:21.583715+09:00 Reel publication requested
2026-09-21T12:01:30.581851+09:00 Instagram returned Reel media ID
2026-09-21T12:01:32.796749+09:00 Reel reel published
2026-09-21T18:00:47.847987+09:00 Created Reel media container
2026-09-21T18:01:40.110531+09:00 Reel publication requested
2026-09-21T18:01:52.161357+09:00 Instagram returned Reel media ID
2026-09-21T18:01:53.528189+09:00 Reel reel published
2026-09-22T12:00:46.525035+09:00 Created Reel media container
2026-09-22T12:01:19.115142+09:00 Reel publication requested
2026-09-22T12:01:27.170729+09:00 Instagram returned Reel media ID
2026-09-22T12:01:29.314649+09:00 Reel reel published
2026-09-22T18:00:49.039968+09:00 Created Reel media container
2026-09-22T18:01:12.603461+09:00 Reel publication requested
2026-09-22T18:01:20.758768+09:00 Instagram returned Reel media ID
2026-09-22T18:01:23.758157+09:00 Reel reel published
2026-09-23T12:00:49.270611+09:00 Created Reel media container
2026-09-23T12:01:23.069209+09:00 Reel publication requested
2026-09-23T12:05:46.214378+09:00 Previous publication is uncertain; Reel queue paused for reconciliation
2026-09-27T03:13:30.857175+09:00 Verified unpublished container; retry prepared for next eligible slot
2026-09-27T12:01:29.051781+09:00 Created Reel media container
2026-09-27T12:01:53.485755+09:00 Reel publication requested
2026-09-27T12:02:00.771052+09:00 Instagram returned Reel media ID
2026-09-27T12:02:02.153985+09:00 Reel reel published
2026-09-28T18:01:27.794250+09:00 Created Reel media container
2026-09-28T18:02:00.822780+09:00 Reel publication requested
2026-09-28T18:02:10.814461+09:00 Instagram returned Reel media ID
2026-09-28T18:02:13.436997+09:00 Reel reel published
2026-09-29T12:01:48.200989+09:00 Created Reel media container
2026-09-29T12:02:11.798174+09:00 Reel publication requested
2026-09-29T12:02:21.862807+09:00 Instagram returned Reel media ID
2026-09-29T12:02:23.335418+09:00 Reel reel published
2026-09-29T18:01:28.590892+09:00 Created Reel media container
2026-09-29T18:01:52.134983+09:00 Reel publication requested
2026-09-29T18:02:01.071397+09:00 Instagram returned Reel media ID
2026-09-29T18:02:02.270573+09:00 Reel reel published
2026-09-30T12:01:21.593558+09:00 Created Reel media container
2026-09-30T12:02:06.515027+09:00 Reel publication requested
2026-09-30T12:02:15.107165+09:00 Instagram returned Reel media ID
2026-09-30T12:02:16.340838+09:00 Reel reel published
2026-09-30T18:01:28.229203+09:00 Created Reel media container
2026-09-30T18:02:00.594862+09:00 Reel publication requested
2026-09-30T18:02:09.404519+09:00 Instagram returned Reel media ID
2026-09-30T18:02:11.681674+09:00 Reel reel published
2026-10-01T12:01:30.458324+09:00 Created Reel media container
2026-10-01T12:02:03.226860+09:00 Reel publication requested
2026-10-01T12:02:11.964315+09:00 Instagram returned Reel media ID
2026-10-01T12:02:14.330397+09:00 Reel reel published
2026-10-01T18:01:36.563314+09:00 Created Reel media container
2026-10-01T18:02:09.880988+09:00 Reel publication requested
