English account queue initialized empty. No media has been published or scheduled.
2026-09-14T19:38:00.394573+09:00 Created English media container
2026-09-14T19:39:12.939383+09:00 English publication requested
2026-09-14T19:39:22.753757+09:00 Instagram returned English media ID
2026-09-14T19:39:23.769784+09:00 English reel published
2026-09-15T17:12:55.556527+09:00 Created English media container
2026-09-15T17:13:28.230166+09:00 English publication requested
2026-09-15T17:13:36.040950+09:00 Instagram returned English media ID
2026-09-15T17:13:37.305905+09:00 English reel published
2026-09-15T22:54:47.477911+09:00 Created English media container
2026-09-15T22:55:40.465516+09:00 English publication requested
2026-09-15T22:55:48.789855+09:00 Instagram returned English media ID
2026-09-15T22:55:49.922706+09:00 English reel published
2026-09-20T12:01:19.242706+09:00 Created Reel media container
2026-09-20T12:02:32.590429+09:00 Reel publication requested
2026-09-20T12:02:42.713910+09:00 Instagram returned Reel media ID
2026-09-20T12:02:43.915374+09:00 Reel reel published
2026-09-20T18:01:14.309274+09:00 Created Reel media container
2026-09-20T18:01:58.272711+09:00 Reel publication requested
2026-09-20T18:02:08.242157+09:00 Instagram returned Reel media ID
2026-09-20T18:02:09.327714+09:00 Reel reel published
2026-09-21T12:00:44.019759+09:00 Created Reel media container
2026-09-21T12:01:16.200038+09:00 Reel publication requested
2026-09-21T12:01:24.159928+09:00 Instagram returned Reel media ID
2026-09-21T12:01:26.354043+09:00 Reel reel published
2026-09-21T18:00:50.240349+09:00 Created Reel media container
2026-09-21T18:01:13.081092+09:00 Reel publication requested
2026-09-21T18:01:21.202937+09:00 Instagram returned Reel media ID
2026-09-21T18:01:22.423619+09:00 Reel reel published
2026-09-22T12:00:52.226723+09:00 Created Reel media container
2026-09-22T12:01:15.960563+09:00 Reel publication requested
2026-09-22T12:01:23.611459+09:00 Instagram returned Reel media ID
2026-09-22T12:01:25.983226+09:00 Reel reel published
2026-09-22T18:00:47.548399+09:00 Created Reel media container
2026-09-22T18:01:19.788489+09:00 Reel publication requested
2026-09-22T18:01:27.958819+09:00 Instagram returned Reel media ID
2026-09-22T18:01:30.053904+09:00 Reel reel published
2026-09-23T12:00:45.690291+09:00 Created Reel media container
2026-09-23T12:01:17.906263+09:00 Reel publication requested
2026-09-23T12:01:28.517350+09:00 Instagram returned Reel media ID
2026-09-23T12:01:30.465961+09:00 Reel reel published
2026-09-23T18:00:46.093063+09:00 Created Reel media container
2026-09-23T18:01:18.409318+09:00 Reel publication requested
2026-09-23T18:01:26.392316+09:00 Instagram returned Reel media ID
2026-09-23T18:01:27.793259+09:00 Reel reel published
2026-09-24T12:00:42.183619+09:00 Created Reel media container
2026-09-24T12:01:05.460120+09:00 Reel publication requested
2026-09-24T12:01:11.762155+09:00 Instagram returned Reel media ID
2026-09-24T12:01:12.945334+09:00 Reel reel published
2026-09-24T18:00:34.477464+09:00 Created Reel media container
2026-09-24T18:00:56.395803+09:00 Reel publication requested
2026-09-24T18:01:04.326289+09:00 Instagram returned Reel media ID
2026-09-24T18:01:05.489782+09:00 Reel reel published
2026-09-25T12:00:42.798695+09:00 Created Reel media container
2026-09-25T12:01:16.004095+09:00 Reel publication requested
2026-09-25T12:01:23.052551+09:00 Instagram returned Reel media ID
2026-09-25T12:01:24.520207+09:00 Reel reel published
2026-09-25T18:00:38.558101+09:00 Created Reel media container
2026-09-25T18:01:10.649571+09:00 Reel publication requested
2026-09-25T18:01:19.975455+09:00 Instagram returned Reel media ID
2026-09-25T18:01:21.303688+09:00 Reel reel published
2026-09-26T12:01:13.468416+09:00 Created Reel media container
2026-09-26T12:02:05.754402+09:00 Reel publication requested
2026-09-26T12:02:13.735178+09:00 Instagram returned Reel media ID
2026-09-26T12:02:14.907371+09:00 Reel reel published
2026-09-26T18:01:16.690578+09:00 Created Reel media container
2026-09-26T18:01:38.688920+09:00 Reel publication requested
2026-09-26T18:01:48.214344+09:00 Instagram returned Reel media ID
2026-09-26T18:01:49.456905+09:00 Reel reel published
2026-09-27T12:01:29.200974+09:00 Created Reel media container
2026-09-27T12:02:01.718604+09:00 Reel publication requested
2026-09-27T12:02:14.581823+09:00 Instagram returned Reel media ID
2026-09-27T12:02:15.857062+09:00 Reel reel published
2026-09-27T18:01:36.523253+09:00 Created Reel media container
2026-09-27T18:02:58.532197+09:00 Reel publication requested
2026-09-27T18:03:06.087013+09:00 Instagram returned Reel media ID
2026-09-27T18:03:07.347055+09:00 Reel reel published
2026-09-28T12:01:30.568046+09:00 Created Reel media container
2026-09-28T12:02:02.999124+09:00 Reel publication requested
2026-09-28T12:02:15.361699+09:00 Instagram returned Reel media ID
2026-09-28T12:02:16.646849+09:00 Reel reel published
2026-09-28T18:01:32.103399+09:00 Created Reel media container
2026-09-28T18:01:55.820712+09:00 Reel publication requested
2026-09-28T18:02:05.215640+09:00 Instagram returned Reel media ID
2026-09-28T18:02:07.438965+09:00 Reel reel published
2026-09-29T12:01:25.763334+09:00 Created Reel media container
2026-09-29T12:01:57.899834+09:00 Reel publication requested
2026-09-29T12:02:06.078767+09:00 Instagram returned Reel media ID
2026-09-29T12:02:07.200247+09:00 Reel reel published
2026-09-29T18:01:26.811949+09:00 Created Reel media container
2026-09-29T18:02:09.828239+09:00 Reel publication requested
2026-09-29T18:02:19.263067+09:00 Instagram returned Reel media ID
2026-09-29T18:02:20.690710+09:00 Reel reel published
2026-09-30T12:01:21.419491+09:00 Created Reel media container
2026-09-30T12:01:54.348815+09:00 Reel publication requested
2026-09-30T12:02:03.423753+09:00 Instagram returned Reel media ID
2026-09-30T12:02:05.002220+09:00 Reel reel published
2026-09-30T18:01:31.449669+09:00 Created Reel media container
2026-09-30T18:02:05.701479+09:00 Reel publication requested
2026-09-30T18:02:15.435072+09:00 Instagram returned Reel media ID
2026-09-30T18:02:17.811090+09:00 Reel reel published
2026-10-01T12:01:33.431725+09:00 Created Reel media container
2026-10-01T12:02:06.790290+09:00 Reel publication requested
2026-10-01T12:02:15.147400+09:00 Instagram returned Reel media ID
2026-10-01T12:02:17.169901+09:00 Reel reel published
2026-10-01T18:01:40.469032+09:00 Created Reel media container
2026-10-01T18:03:04.941850+09:00 Reel publication requested
2026-10-01T18:03:12.885853+09:00 Instagram returned Reel media ID
2026-10-01T18:03:13.979995+09:00 Reel reel published
2026-10-02T12:01:20.334522+09:00 Created Reel media container
2026-10-02T12:05:59.367531+09:00 Reel publication requested
2026-10-02T12:06:08.058814+09:00 Instagram returned Reel media ID
2026-10-02T12:06:09.205813+09:00 Reel reel published
2026-10-02T18:01:20.484377+09:00 Created Reel media container
2026-10-02T18:05:59.489672+09:00 Reel publication requested
2026-10-02T18:06:11.684121+09:00 Instagram returned Reel media ID
2026-10-02T18:06:12.714398+09:00 Reel reel published
2026-10-03T12:01:14.002890+09:00 Created Reel media container
2026-10-03T12:01:46.959259+09:00 Reel publication requested
2026-10-03T12:01:57.082772+09:00 Instagram returned Reel media ID
2026-10-03T12:01:59.067226+09:00 Reel reel published
2026-10-03T18:01:10.203329+09:00 Created Reel media container
2026-10-03T18:01:32.802088+09:00 Reel publication requested
2026-10-03T18:01:57.486558+09:00 Instagram returned Reel media ID
2026-10-03T18:01:59.770325+09:00 Reel reel published
2026-10-04T12:01:12.333805+09:00 Created Reel media container
2026-10-04T12:01:35.749128+09:00 Reel publication requested
2026-10-04T12:01:46.138355+09:00 Instagram returned Reel media ID
2026-10-04T12:01:48.699525+09:00 Reel reel published
2026-10-04T18:00:55.126939+09:00 Created Reel media container
2026-10-04T18:01:58.507122+09:00 Reel publication requested
2026-10-04T18:02:07.876492+09:00 Instagram returned Reel media ID
2026-10-04T18:02:08.820206+09:00 Reel reel published
2026-10-05T12:01:09.407667+09:00 Created Reel media container
2026-10-05T12:01:32.827329+09:00 Reel publication requested
2026-10-05T12:01:41.931092+09:00 Instagram returned Reel media ID
2026-10-05T12:01:43.738684+09:00 Reel reel published
2026-10-05T18:01:08.187248+09:00 Created Reel media container
2026-10-05T18:01:51.182494+09:00 Reel publication requested
2026-10-05T18:01:59.042609+09:00 Instagram returned Reel media ID
2026-10-05T18:02:00.878357+09:00 Reel reel published
2026-10-06T12:01:06.943444+09:00 Created Reel media container
2026-10-06T12:01:39.031317+09:00 Reel publication requested
2026-10-06T12:01:47.297323+09:00 Instagram returned Reel media ID
2026-10-06T12:01:48.430692+09:00 Reel reel published
2026-10-06T18:01:01.807928+09:00 Created Reel media container
2026-10-06T18:02:14.504847+09:00 Reel publication requested
2026-10-06T18:02:51.755279+09:00 Instagram returned Reel media ID
2026-10-06T18:02:56.322991+09:00 Reel reel published
2026-10-07T12:00:59.420248+09:00 Created Reel media container
2026-10-07T12:01:31.518970+09:00 Reel publication requested
2026-10-07T12:01:40.766967+09:00 Instagram returned Reel media ID
2026-10-07T12:01:43.160386+09:00 Reel reel published
2026-10-07T18:01:17.573886+09:00 Created Reel media container
2026-10-07T18:02:11.027205+09:00 Reel publication requested
2026-10-07T18:02:19.591527+09:00 Instagram returned Reel media ID
2026-10-07T18:02:20.853582+09:00 Reel reel published
2026-10-08T18:01:12.890979+09:00 Created Reel media container
2026-10-08T18:01:35.389053+09:00 Reel publication requested
2026-10-08T18:01:45.387571+09:00 Instagram returned Reel media ID
2026-10-08T18:01:46.636016+09:00 Reel reel published
2026-10-09T12:01:18.091769+09:00 Created Reel media container
2026-10-09T12:02:20.852803+09:00 Reel publication requested
